../Core/Src/main.c:76:6:AppTimerStatsInit	4	static
../Core/Src/main.c:80:10:AppTimerStatsValue	4	static
../Core/Src/main.c:84:6:USART_ReceiveTask	136	static
../Core/Src/main.c:130:6:LED_Task	8	static
../Core/Src/main.c:146:5:main	32	static
../Core/Src/main.c:211:6:SystemClock_Config	88	static
../Core/Src/main.c:258:13:MX_USART2_UART_Init	8	static
../Core/Src/main.c:291:13:MX_GPIO_Init	56	static
../Core/Src/main.c:440:6:HAL_TIM_PeriodElapsedCallback	16	static
../Core/Src/main.c:458:6:Error_Handler	4	static,ignoring_inline_asm
