../Core/Src/main.c:75:6:AppTimerStatsInit	4	static
../Core/Src/main.c:79:10:AppTimerStatsValue	4	static
../Core/Src/main.c:83:6:USART_ReceiveTask	136	static
../Core/Src/main.c:129:6:LED_Task	8	static
../Core/Src/main.c:145:5:main	24	static
../Core/Src/main.c:198:6:SystemClock_Config	88	static
../Core/Src/main.c:245:13:MX_USART2_UART_Init	8	static
../Core/Src/main.c:278:13:MX_GPIO_Init	56	static
../Core/Src/main.c:427:6:HAL_TIM_PeriodElapsedCallback	16	static
../Core/Src/main.c:445:6:Error_Handler	4	static,ignoring_inline_asm
