../Core/Src/shell_task.c:103:13:shell_write	144	static
../Core/Src/shell_task.c:114:6:log_printf	144	static
../Core/Src/shell_task.c:125:6:LoggerTask	144	static
../Core/Src/shell_task.c:138:6:RegisterUserTask	24	static
../Core/Src/shell_task.c:148:17:findStackSize	24	static
../Core/Src/shell_task.c:158:13:cmd_help	24	static
../Core/Src/shell_task.c:167:13:cmd_echo	24	static
../Core/Src/shell_task.c:176:13:cmd_status	2016	static
../Core/Src/shell_task.c:190:13:cmd_uptime	120	static
../Core/Src/shell_task.c:207:13:cmd_log	24	static
../Core/Src/shell_task.c:230:13:cmd_mem	296	static
../Core/Src/shell_task.c:276:13:history_init	16	static
../Core/Src/shell_task.c:282:13:history_add	24	static
../Core/Src/shell_task.c:302:20:history_get	24	static
../Core/Src/shell_task.c:311:13:parse_and_execute	72	static
../Core/Src/shell_task.c:344:6:ShellTask	304	static
../Core/Src/shell_task.c:453:6:ExternalTask1	16	static
../Core/Src/shell_task.c:477:13:cmd_ext	24	static
../Core/Src/shell_task.c:503:13:control_single_led	88	static
../Core/Src/shell_task.c:510:13:cmd_led	24	static
../Core/Src/shell_task.c:546:8:cmd_clear	24	static
